// Jest Snapshot v1, https://goo.gl/fbAQLP

exports[`format successful item successful item & changes formatted 1`] = `
"  requirements.txt
  [32mâœ”[39m Upgraded Django from 1.6.1 to 2.0.1"
`;
