// Jest Snapshot v1, https://goo.gl/fbAQLP

exports[`remediation fixes a pip app 1`] = `
"Jinja2==2.7.2
Django==2.0.1
python-etcd==0.4.5
Django-Select2==6.0.1 # this version installs with lowercase so it catches a previous bug in pip_resolve.py
irc==16.2 # this has a cyclic dependency (internal jaraco.text <==> jaraco.collections)
testtools==\\\\
    2.3.0 # this has a cycle (fixtures ==> testtols);
./packages/prometheus_client-0.6.0
transitive>=1.1.1 # not directly required, pinned by Snyk to avoid a vulnerability
"
`;

exports[`remediation retains python markers 1`] = `
"amqp==2.4.2
apscheduler==3.6.0
asn1crypto==0.24.0
astroid==1.6.6
atomicwrites==1.3.0
attrs==19.1.0
automat==0.7.0
backports.functools-lru-cache==1.5 ; python_version < '3.2'
billiard==3.6.0.0
celery==4.3.0
certifi==2019.3.9
cffi==1.12.3
chardet==3.0.4
click==7.1 ; python_version > '1.0'
clickclick==1.2.2
configparser==3.7.4 ; python_version == '2.7'
connexion[swagger-ui]==2.2.0
constantly==15.1.0
cryptography==2.6.1
cssselect==1.0.3
cython==0.29.7
enum34==1.1.6 ; python_version < '2.6'
fastavro==0.21.21
flask-apscheduler==1.11.0
flask==1.0.2
"
`;
