// Jest Snapshot v1, https://goo.gl/fbAQLP

exports[`createSarifOutputForOpenSource general 1`] = `
Object {
  "$schema": "https://raw.githubusercontent.com/oasis-tcs/sarif-spec/master/Schemata/sarif-schema-2.1.0.json",
  "runs": Array [
    Object {
      "results": Array [
        Object {
          "level": "error",
          "locations": Array [
            Object {
              "physicalLocation": Object {
                "artifactLocation": Object {
                  "uri": "package.json",
                },
                "region": Object {
                  "startLine": 1,
                },
              },
            },
          ],
          "message": Object {
            "text": "This file introduces a vulnerable ajv package with a critical severity vulnerability.",
          },
          "ruleId": "SNYK-JS-AJV-584908",
        },
      ],
      "tool": Object {
        "driver": Object {
          "name": "Snyk Open Source",
          "rules": Array [
            Object {
              "fullDescription": Object {
                "text": "(CVE-2020-15366) ajv@6.12.2",
              },
              "help": Object {
                "markdown": "* Package Manager: npm
* Vulnerable module: ajv
* Introduced through: PROJECT_NAME@1.0.0, jimp@0.2.28 and others
### Detailed paths
* _Introduced through_: PROJECT_NAME@1.0.0 › jimp@0.2.28 › request@2.88.2 › har-validator@5.1.3 › ajv@6.12.2
# Overview
",
                "text": "",
              },
              "id": "SNYK-JS-AJV-584908",
              "properties": Object {
                "tags": Array [
                  "security",
                  "CWE-400",
                  "npm",
                ],
              },
              "shortDescription": Object {
                "text": "Critical severity - Prototype Pollution vulnerability in ajv",
              },
            },
          ],
        },
      },
    },
  ],
  "version": "2.1.0",
}
`;

exports[`createSarifOutputForOpenSource replace lock-file to manifest-file Gemfile.lock 1`] = `"Gemfile"`;

exports[`createSarifOutputForOpenSource replace lock-file to manifest-file Gopkg.lock 1`] = `"Gopkg.toml"`;

exports[`createSarifOutputForOpenSource replace lock-file to manifest-file Podfile.lock 1`] = `"Podfile"`;

exports[`createSarifOutputForOpenSource replace lock-file to manifest-file composer.lock 1`] = `"composer.json"`;

exports[`createSarifOutputForOpenSource replace lock-file to manifest-file go.sum 1`] = `"go.mod"`;

exports[`createSarifOutputForOpenSource replace lock-file to manifest-file package-lock.json 1`] = `"package.json"`;

exports[`createSarifOutputForOpenSource replace lock-file to manifest-file poetry.lock 1`] = `"pyproject.toml"`;

exports[`createSarifOutputForOpenSource replace lock-file to manifest-file yarn.lock 1`] = `"package.json"`;
